I'm sorry, but errors were detected in your script. Please correct the
errors listed below, and try again.


File "game/script.rpy", line 41: expected ':' not found.
    label river
               ^

Ren'Py Version: Ren'Py 8.3.2.24090902
Tue Oct 15 01:54:37 2024
